#-----------------------------------------------------------
# Vivado v2018.3 (64-bit)
# SW Build 2405991 on Thu Dec  6 23:38:27 MST 2018
# IP Build 2404404 on Fri Dec  7 01:43:56 MST 2018
# Start of session at: Tue Nov 26 02:49:51 2019
# Process ID: 1240
# Current directory: C:/Users/Sidarth Shahri/Documents/CMPE 140 Assignments/Assignment 8/Pipelined_CPU_Factorial_GPIO
# Command line: vivado.exe -gui_launcher_event rodinguilauncherevent2060 C:\Users\Sidarth Shahri\Documents\CMPE 140 Assignments\Assignment 8\Pipelined_CPU_Factorial_GPIO\Pipelined_CPU_Factorial_GPIO.xpr
# Log file: C:/Users/Sidarth Shahri/Documents/CMPE 140 Assignments/Assignment 8/Pipelined_CPU_Factorial_GPIO/vivado.log
# Journal file: C:/Users/Sidarth Shahri/Documents/CMPE 140 Assignments/Assignment 8/Pipelined_CPU_Factorial_GPIO\vivado.jou
#-----------------------------------------------------------
start_gui
open_project {C:/Users/Sidarth Shahri/Documents/CMPE 140 Assignments/Assignment 8/Pipelined_CPU_Factorial_GPIO/Pipelined_CPU_Factorial_GPIO.xpr}
update_compile_order -fileset sources_1
launch_simulation
source tb_Pipelined_SoC.tcl
synth_design -rtl -name rtl_1
close_design
close_sim
launch_simulation
source tb_Pipelined_SoC.tcl
close_sim
launch_simulation
source tb_Pipelined_SoC.tcl
close_sim
launch_simulation
source tb_Pipelined_SoC.tcl
close_sim
launch_simulation
source tb_Pipelined_SoC.tcl
close_sim
launch_simulation
source tb_Pipelined_SoC.tcl
close_sim
