Copyright 1986-2018 Xilinx, Inc. All Rights Reserved.
--------------------------------------------------------------------------------------
| Tool Version : Vivado v.2018.3 (win64) Build 2405991 Thu Dec  6 23:38:27 MST 2018
| Date         : Fri Oct 18 16:07:57 2019
| Host         : DESKTOP-U1OB0E7 running 64-bit major release  (build 9200)
| Command      : report_control_sets -verbose -file mips_fpga_control_sets_placed.rpt
| Design       : mips_fpga
| Device       : xc7a35t
--------------------------------------------------------------------------------------

Control Set Information

Table of Contents
-----------------
1. Summary
2. Histogram
3. Flip-Flop Distribution
4. Detailed Control Set Information

1. Summary
----------

+----------------------------------------------------------+-------+
|                          Status                          | Count |
+----------------------------------------------------------+-------+
| Number of unique control sets                            |     6 |
| Unused register locations in slices containing registers |    13 |
+----------------------------------------------------------+-------+


2. Histogram
------------

+--------+--------------+
| Fanout | Control Sets |
+--------+--------------+
|    16+ |            6 |
+--------+--------------+


3. Flip-Flop Distribution
-------------------------

+--------------+-----------------------+------------------------+-----------------+--------------+
| Clock Enable | Synchronous Set/Reset | Asynchronous Set/Reset | Total Registers | Total Slices |
+--------------+-----------------------+------------------------+-----------------+--------------+
| No           | No                    | No                     |              35 |           17 |
| No           | No                    | Yes                    |              31 |           11 |
| No           | Yes                   | No                     |              33 |           10 |
| Yes          | No                    | No                     |               0 |            0 |
| Yes          | No                    | Yes                    |               0 |            0 |
| Yes          | Yes                   | No                     |               0 |            0 |
+--------------+-----------------------+------------------------+-----------------+--------------+


4. Detailed Control Set Information
-----------------------------------

+-------------------------+------------------------------------+------------------+------------------+----------------+
|       Clock Signal      |            Enable Signal           | Set/Reset Signal | Slice Load Count | Bel Load Count |
+-------------------------+------------------------------------+------------------+------------------+----------------+
|  clk_IBUF_BUFG          |                                    |                  |               12 |             16 |
|  clk_gen/clk_5KHz_reg_0 |                                    |                  |                5 |             19 |
|  debounced_button_BUFG  |                                    | rst_IBUF         |               11 |             31 |
|  debounced_button_BUFG  | mips_top/mips/dp/pc_reg/we_dm_OBUF |                  |                8 |             32 |
|  clk_IBUF_BUFG          |                                    | rst_IBUF         |               10 |             33 |
|  debounced_button_BUFG  | mips_top/mips/dp/pc_reg/we         |                  |               18 |            144 |
+-------------------------+------------------------------------+------------------+------------------+----------------+


