#-----------------------------------------------------------
# Webtalk v2018.3 (64-bit)
# SW Build 2405991 on Thu Dec  6 23:38:27 MST 2018
# IP Build 2404404 on Fri Dec  7 01:43:56 MST 2018
# Start of session at: Tue Dec  3 04:29:04 2019
# Process ID: 6652
# Current directory: C:/Users/Sidarth Shahri/Documents/CMPE 140 Assignments/Assignment 8/Pipelined_CPU_Factorial_GPIO_with_Data_Forwarding/Pipelined_CPU_Factorial_GPIO.sim/sim_1/behav/xsim
# Command line: wbtcv.exe -mode batch -source C:/Users/Sidarth Shahri/Documents/CMPE 140 Assignments/Assignment 8/Pipelined_CPU_Factorial_GPIO_with_Data_Forwarding/Pipelined_CPU_Factorial_GPIO.sim/sim_1/behav/xsim/xsim.dir/tb_Pipelined_SoC_behav/webtalk/xsim_webtalk.tcl -notrace
# Log file: C:/Users/Sidarth Shahri/Documents/CMPE 140 Assignments/Assignment 8/Pipelined_CPU_Factorial_GPIO_with_Data_Forwarding/Pipelined_CPU_Factorial_GPIO.sim/sim_1/behav/xsim/webtalk.log
# Journal file: C:/Users/Sidarth Shahri/Documents/CMPE 140 Assignments/Assignment 8/Pipelined_CPU_Factorial_GPIO_with_Data_Forwarding/Pipelined_CPU_Factorial_GPIO.sim/sim_1/behav/xsim\webtalk.jou
#-----------------------------------------------------------
source C:/Users/Sidarth -notrace
