#-----------------------------------------------------------
# Vivado v2018.3 (64-bit)
# SW Build 2405991 on Thu Dec  6 23:38:27 MST 2018
# IP Build 2404404 on Fri Dec  7 01:43:56 MST 2018
# Start of session at: Tue Nov 26 14:11:15 2019
# Process ID: 2416
# Current directory: C:/Users/Sidarth Shahri/Documents/CMPE 140 Assignments/Assignment 8/Pipelined_CPU_Factorial_GPIO/Pipelined_CPU_Factorial_GPIO.runs/synth_1
# Command line: vivado.exe -log fpga_Pipelined_SoC.vds -product Vivado -mode batch -messageDb vivado.pb -notrace -source fpga_Pipelined_SoC.tcl
# Log file: C:/Users/Sidarth Shahri/Documents/CMPE 140 Assignments/Assignment 8/Pipelined_CPU_Factorial_GPIO/Pipelined_CPU_Factorial_GPIO.runs/synth_1/fpga_Pipelined_SoC.vds
# Journal file: C:/Users/Sidarth Shahri/Documents/CMPE 140 Assignments/Assignment 8/Pipelined_CPU_Factorial_GPIO/Pipelined_CPU_Factorial_GPIO.runs/synth_1\vivado.jou
#-----------------------------------------------------------
source fpga_Pipelined_SoC.tcl -notrace
